---
source: tests/snapshot.rs
assertion_line: 5
expression: "AbiList::from_bytes(include_bytes!(\"../deps/glibc-abi-tool/abilists\"))"

---
Ok(
    AbiList,
)
